MIME-version: 1.0
Content-Type: text/html;charset="UTF-8";
From: from@email.com
To: to@email.com
Subject: [failing-monitor] has raised an alarm

<!doctype html>
<html>
<head>
<meta name="viewport" content="width=device-width">
<meta http-equiv="Content-Type" content="text/html; charset=UTF-8">
<title>failing-monitor has raised an alarm</title>
<style>
 
* {
  font-family: "Helvetica Neue", "Helvetica", Helvetica, Arial, sans-serif;
  font-size: 100%;
  line-height: 1.6em;
  margin: 0;
  padding: 0;
}

img {
  max-width: 600px;
  width: 100%;
}

body {
  -webkit-font-smoothing: antialiased;
  height: 100%;
  -webkit-text-size-adjust: none;
  width: 100% !important;
}


 
a {
  color: #348eda;
}

.last {
  margin-bottom: 0;
}

.first {
  margin-top: 0;
}

.padding {
  padding: 10px 0;
}


 
table.body-wrap {
  padding: 20px;
  width: 100%;
}


 
h1,
h2,
h3 {
  color: #111111;
  font-family: "Helvetica Neue", Helvetica, Arial, "Lucida Grande", sans-serif;
  font-weight: 200;
  line-height: 1.2em;
  margin: 40px 0 10px;
}

h1 {
  font-size: 36px;
}
h2 {
  font-size: 28px;
}
h3 {
  font-size: 22px;
}

p,
ul,
ol {
  font-size: 14px;
  font-weight: normal;
  margin-bottom: 10px;
}

ul li,
ol li {
  margin-left: 5px;
  list-style-position: inside;
}

 

 
.container {
  clear: both !important;
  display: block !important;
  Margin: 0 auto !important;
  max-width: 600px !important;
}

 
.body-wrap .container {
  padding: 20px;
}

 
.content {
  display: block;
  margin: 0 auto;
  max-width: 600px;
}

 
.content table {
  width: 100%;
}

</style>
</head>

<body bgcolor="#f6f6f6">


<table class="body-wrap" bgcolor="#f6f6f6">
  <tr>
    <td></td>
    <td class="container" bgcolor="#FFFFFF">

      
      <div class="content">
      <table>
        <tr>
          <td>
            <h4> failing-monitor</h4>
            <p></p>
            <pre>
              failing-monitor-description
            </pre>

            <p>For more information check <a href="http://example.com">your status page</a></p>
          </td>
        </tr>
      </table>
      </div>
      

    </td>
    <td></td>
  </tr>
</table>


</body>
</html>
